// Jest Snapshot v1, https://goo.gl/fbAQLP

exports[`Map utils readOnlyBoundariesToMapLayers generates map layers from boundaries 1`] = `"[{\\"key\\":\\"1\\",\\"ref\\":null,\\"props\\":{\\"type\\":\\"geojson\\",\\"data\\":{\\"type\\":\\"FeatureCollection\\",\\"features\\":[{\\"geometry\\":{\\"type\\":\\"MultiPolygon\\",\\"coordinates\\":[[[[32.81043714,2.24535757],[33.02329606,2.64270388],[33.22495188,2.5084025],[33.05130381,2.29573331],[32.81043714,2.24535757]]]]},\\"id\\":\\"countryBoundary\\",\\"properties\\":{\\"id\\":\\"countryBoundary\\"},\\"type\\":\\"Feature\\"}]},\\"id\\":\\"1\\",\\"children\\":[null,null,{\\"key\\":null,\\"ref\\":null,\\"props\\":{\\"id\\":\\"1-outline\\",\\"type\\":\\"line\\",\\"paint\\":{\\"line-color\\":[\\"case\\",[\\"boolean\\",[\\"feature-state\\",\\"select\\"],false],\\"blue\\",\\"blue\\"],\\"line-width\\":[\\"case\\",[\\"boolean\\",[\\"feature-state\\",\\"select\\"],false],1,1]}},\\"_owner\\":null,\\"_store\\":{}},{\\"key\\":null,\\"ref\\":null,\\"props\\":{\\"id\\":\\"1-fill\\",\\"type\\":\\"fill\\",\\"paint\\":{\\"fill-color\\":[\\"case\\",[\\"boolean\\",[\\"feature-state\\",\\"highlight\\"],false],\\"highlight\\",[\\"boolean\\",[\\"feature-state\\",\\"select\\"],false],\\"highlight\\",[\\"boolean\\",[\\"feature-state\\",\\"hover\\"],false],\\"highlight\\",\\"highlight\\"]}},\\"_owner\\":null,\\"_store\\":{}}]},\\"_owner\\":null,\\"_store\\":{}}]"`;
